◇ injected env (12) from .env // tip: ◈ secrets for agents [www.dotenvx.com]
◇ injected env (0) from .env // tip: ⌘ suppress logs { quiet: true }
📦 Registering routes...
◇ injected env (0) from .env // tip: ⌘ override existing { override: true }
  ✅ /api/auth
  ✅ /api/branding
  ✅ /api/admin
  ✅ /api/profile
  ✅ /api/vacancies
  ✅ /api/applications
  ✅ /api/applicant/pds
  ✅ /api/rsp/dashboard
  ✅ /api/rsp/vacancies
  ✅ /api/rsp/applicants
  ✅ /api/rsp/evaluation
  ✅ /api/rsp/comparative-assessment
  ✅ /api/rsp/ca-workspace
  ✅ /api/rsp/ies
  ✅ /api/rsp/results
  ✅ /api/rsp/congratulatory-advice
  ✅ /api/rsp/appointment
  ✅ /api/rsp/eligibility
  ✅ /api/rsp/notifications
  ✅ /api/ld/tna
  ✅ /api/ld/objectives
  ✅ /api/ld/plans
  ✅ /api/ld/programs
  ✅ /api/ld/evaluation
  ✅ /api/pm/periods
  ✅ /api/pm/commitments
  ✅ /api/pm/coaching
  ✅ /api/pm/ratings
  ✅ /api/pm/rewards
  ✅ /api/rr/praise-meetings
  ✅ /api/rr/call-for-nominees
  ✅ /api/rr/preliminary-evaluation
  ✅ /api/rr/searches
  ✅ /api/rr/nominations
  ✅ /api/rr/evaluation
  ✅ /api/rr/validation
  ✅ /api/rr/deliberation
  ✅ /api/rr/deliberation2
  ✅ /api/rr/awards
  ✅ /api/rr/announcement
  ✅ /api/rr/ceremony
  ✅ /api/rr/implementation-report
  ✅ /api/rr/reports
  ✅ /api/rr/opportunities
  ✅ /api/personnel/employees
  ✅ /api/personnel/documents
  ✅ /api/personnel/leave
  ✅ /api/personnel/travel
  ✅ /api/personnel/certificates
  ✅ /api/personnel/notifications
  ✅ /api/personnel/reports
  ✅ /api/personnel/signatories
  ✅ /api/personnel/admin-tools
  ✅ /api/personnel/schools-offices
✅ All routes registered successfully
✅ Connected to MySQL Database!
📡 Running database self-healing check...
✅ MySQL Connected (sakura.proxy.rlwy.net)
🚀 Server running on http://localhost:5000
🔹 Synced IES evaluation criteria weights with DO 007 templates
🔹 Ensured v_appointed_employees view exists
✅ Database self-healing check completed successfully.
